2025-09-30 14:18:23,404 - INFO - Starting scenario technology filtering...
2025-09-30 14:18:23,404 - INFO - Input file: 5_final_AR6_complete_cases.csv
2025-09-30 14:18:23,404 - INFO - Output file: 6_final_AR6_viable_scenarios.csv
2025-09-30 14:18:23,404 - INFO - Reading input data...
2025-09-30 14:18:27,937 - INFO - Input dataset shape: (2195517, 27)
2025-09-30 14:18:28,155 - INFO - Power sector technologies: 20
2025-09-30 14:18:28,155 - INFO -   - BiomassCap
2025-09-30 14:18:28,155 - INFO -   - BiomassCap - w/ CCS
2025-09-30 14:18:28,155 - INFO -   - BiomassCap - w/o CCS
2025-09-30 14:18:28,155 - INFO -   - CoalCap
2025-09-30 14:18:28,155 - INFO -   - CoalCap - w/ CCS
2025-09-30 14:18:28,155 - INFO -   - CoalCap - w/o CCS
2025-09-30 14:18:28,155 - INFO -   - GasCap
2025-09-30 14:18:28,155 - INFO -   - GasCap - w/ CCS
2025-09-30 14:18:28,156 - INFO -   - GasCap - w/o CCS
2025-09-30 14:18:28,156 - INFO -   - GeothermalCap
2025-09-30 14:18:28,156 - INFO -   - HydroCap
2025-09-30 14:18:28,156 - INFO -   - Hydrogen
2025-09-30 14:18:28,156 - INFO -   - NuclearCap
2025-09-30 14:18:28,156 - INFO -   - OilCap
2025-09-30 14:18:28,156 - INFO -   - OilCap - w/ CCS
2025-09-30 14:18:28,156 - INFO -   - OilCap - w/o CCS
2025-09-30 14:18:28,156 - INFO -   - SolarCap - CSP
2025-09-30 14:18:28,156 - INFO -   - SolarCap - PV
2025-09-30 14:18:28,156 - INFO -   - WindCap - Offshore
2025-09-30 14:18:28,156 - INFO -   - WindCap - Onshore
2025-09-30 14:18:28,194 - INFO - Total scenarios to evaluate: 960
2025-09-30 14:18:28,194 - INFO - 
=== EVALUATING SCENARIO COMPLIANCE ===
2025-09-30 14:18:32,189 - INFO - Processed 100/960 scenarios...
2025-09-30 14:18:35,835 - INFO - Processed 200/960 scenarios...
2025-09-30 14:18:39,727 - INFO - Processed 300/960 scenarios...
2025-09-30 14:18:43,441 - INFO - Processed 400/960 scenarios...
2025-09-30 14:18:47,167 - INFO - Processed 500/960 scenarios...
2025-09-30 14:18:50,928 - INFO - Processed 600/960 scenarios...
2025-09-30 14:18:54,713 - INFO - Processed 700/960 scenarios...
2025-09-30 14:18:58,492 - INFO - Processed 800/960 scenarios...
2025-09-30 14:19:02,128 - INFO - Processed 900/960 scenarios...
2025-09-30 14:19:04,306 - INFO - 
=== FILTERING RESULTS ===
2025-09-30 14:19:04,306 - INFO - Scenarios evaluated: 960
2025-09-30 14:19:04,306 - INFO - Viable scenarios found: 118
2025-09-30 14:19:04,306 - INFO - Rejection rate: 87.7%
2025-09-30 14:19:04,442 - INFO - Original dataset rows: 2,195,517
2025-09-30 14:19:04,442 - INFO - Filtered dataset rows: 776,895
2025-09-30 14:19:04,442 - INFO - Data retention rate: 35.4%
2025-09-30 14:19:04,442 - INFO - 
=== NON-VIABLE SCENARIO ANALYSIS ===
2025-09-30 14:19:04,444 - INFO - Technologies causing scenario rejection (Top 10):
2025-09-30 14:19:04,444 - INFO -   OilCap - w/ CCS: 465 scenarios (55.2%)
2025-09-30 14:19:04,444 - INFO -   BiomassCap - w/ CCS: 418 scenarios (49.6%)
2025-09-30 14:19:04,444 - INFO -   GasCap - w/ CCS: 410 scenarios (48.7%)
2025-09-30 14:19:04,444 - INFO -   HydroCap: 386 scenarios (45.8%)
2025-09-30 14:19:04,444 - INFO -   CoalCap - w/ CCS: 386 scenarios (45.8%)
2025-09-30 14:19:04,444 - INFO -   OilCap - w/o CCS: 386 scenarios (45.8%)
2025-09-30 14:19:04,444 - INFO -   NuclearCap: 378 scenarios (44.9%)
2025-09-30 14:19:04,444 - INFO -   OilCap: 376 scenarios (44.7%)
2025-09-30 14:19:04,444 - INFO -   GasCap: 358 scenarios (42.5%)
2025-09-30 14:19:04,444 - INFO -   BiomassCap: 353 scenarios (41.9%)
2025-09-30 14:19:04,444 - INFO - 
=== VIABLE SCENARIO ANALYSIS ===
2025-09-30 14:19:04,444 - INFO - Sample viable scenarios:
2025-09-30 14:19:04,444 - INFO -   EN_INDCi2030_1000f: 20/20 technologies
2025-09-30 14:19:04,444 - INFO -   EN_INDCi2030_1200: 20/20 technologies
2025-09-30 14:19:04,444 - INFO -   EN_INDCi2030_1200f: 20/20 technologies
2025-09-30 14:19:04,444 - INFO -   EN_INDCi2030_1400: 20/20 technologies
2025-09-30 14:19:04,444 - INFO -   EN_INDCi2030_1400f: 20/20 technologies
2025-09-30 14:19:04,444 - INFO - 
Technology coverage in viable scenarios:
2025-09-30 14:19:04,444 - INFO -   GasCap: 118/118 scenarios (100.0%)
2025-09-30 14:19:04,444 - INFO -   GasCap - w/o CCS: 118/118 scenarios (100.0%)
2025-09-30 14:19:04,444 - INFO -   BiomassCap: 111/118 scenarios (94.1%)
2025-09-30 14:19:04,444 - INFO -   BiomassCap - w/o CCS: 111/118 scenarios (94.1%)
2025-09-30 14:19:04,444 - INFO -   CoalCap: 111/118 scenarios (94.1%)
2025-09-30 14:19:04,444 - INFO -   CoalCap - w/o CCS: 111/118 scenarios (94.1%)
2025-09-30 14:19:04,444 - INFO -   HydroCap: 111/118 scenarios (94.1%)
2025-09-30 14:19:04,444 - INFO -   OilCap: 111/118 scenarios (94.1%)
2025-09-30 14:19:04,444 - INFO -   WindCap - Onshore: 111/118 scenarios (94.1%)
2025-09-30 14:19:04,444 - INFO -   NuclearCap: 110/118 scenarios (93.2%)
2025-09-30 14:19:04,444 - INFO -   OilCap - w/o CCS: 110/118 scenarios (93.2%)
2025-09-30 14:19:04,444 - INFO -   GasCap - w/ CCS: 108/118 scenarios (91.5%)
2025-09-30 14:19:04,444 - INFO -   BiomassCap - w/ CCS: 106/118 scenarios (89.8%)
2025-09-30 14:19:04,444 - INFO -   CoalCap - w/ CCS: 106/118 scenarios (89.8%)
2025-09-30 14:19:04,444 - INFO -   OilCap - w/ CCS: 103/118 scenarios (87.3%)
2025-09-30 14:19:04,444 - INFO -   WindCap - Offshore: 93/118 scenarios (78.8%)
2025-09-30 14:19:04,444 - INFO -   Hydrogen: 85/118 scenarios (72.0%)
2025-09-30 14:19:04,444 - INFO -   GeothermalCap: 78/118 scenarios (66.1%)
2025-09-30 14:19:04,444 - INFO -   SolarCap - PV: 54/118 scenarios (45.8%)
2025-09-30 14:19:04,444 - INFO -   SolarCap - CSP: 47/118 scenarios (39.8%)
2025-09-30 14:19:04,444 - INFO - 
Saving viable scenarios to: 6_final_AR6_viable_scenarios.csv
2025-09-30 14:19:09,132 - INFO - 
=== FINAL SUMMARY ===
2025-09-30 14:19:09,132 - INFO - Viable scenarios: 118
2025-09-30 14:19:09,132 - INFO - Total rows retained: 776,895
2025-09-30 14:19:09,132 - INFO - Power technologies required: 20
2025-09-30 14:19:09,132 - INFO - Filtering completed successfully!
2025-09-30 14:33:01,343 - INFO - Starting scenario technology flagging...
2025-09-30 14:33:01,344 - INFO - Input file: 5_final_AR6_complete_cases.csv
2025-09-30 14:33:01,344 - INFO - Output file: 6_final_AR6_viable_scenarios.csv
2025-09-30 14:33:01,344 - INFO - Reading input data...
2025-09-30 14:33:04,147 - INFO - Input dataset shape: (1460053, 27)
2025-09-30 14:33:04,289 - INFO - Power sector technologies: 20
2025-09-30 14:33:04,289 - INFO -   - BiomassCap
2025-09-30 14:33:04,290 - INFO -   - BiomassCap - w/ CCS
2025-09-30 14:33:04,290 - INFO -   - BiomassCap - w/o CCS
2025-09-30 14:33:04,290 - INFO -   - CoalCap
2025-09-30 14:33:04,290 - INFO -   - CoalCap - w/ CCS
2025-09-30 14:33:04,290 - INFO -   - CoalCap - w/o CCS
2025-09-30 14:33:04,290 - INFO -   - GasCap
2025-09-30 14:33:04,290 - INFO -   - GasCap - w/ CCS
2025-09-30 14:33:04,290 - INFO -   - GasCap - w/o CCS
2025-09-30 14:33:04,290 - INFO -   - GeothermalCap
2025-09-30 14:33:04,290 - INFO -   - HydroCap
2025-09-30 14:33:04,290 - INFO -   - Hydrogen
2025-09-30 14:33:04,290 - INFO -   - NuclearCap
2025-09-30 14:33:04,290 - INFO -   - OilCap
2025-09-30 14:33:04,290 - INFO -   - OilCap - w/ CCS
2025-09-30 14:33:04,290 - INFO -   - OilCap - w/o CCS
2025-09-30 14:33:04,290 - INFO -   - SolarCap - CSP
2025-09-30 14:33:04,290 - INFO -   - SolarCap - PV
2025-09-30 14:33:04,290 - INFO -   - WindCap - Offshore
2025-09-30 14:33:04,290 - INFO -   - WindCap - Onshore
2025-09-30 14:33:04,316 - INFO - Total scenarios to evaluate: 593
2025-09-30 14:33:04,316 - INFO - 
=== EVALUATING SCENARIO COMPLIANCE ===
2025-09-30 14:33:07,271 - INFO - Processed 100/593 scenarios...
2025-09-30 14:33:09,900 - INFO - Processed 200/593 scenarios...
2025-09-30 14:33:12,488 - INFO - Processed 300/593 scenarios...
2025-09-30 14:33:15,058 - INFO - Processed 400/593 scenarios...
2025-09-30 14:33:17,585 - INFO - Processed 500/593 scenarios...
2025-09-30 14:33:20,069 - INFO - 
=== FLAGGING RESULTS ===
2025-09-30 14:33:20,070 - INFO - Scenarios evaluated: 593
2025-09-30 14:33:20,070 - INFO - Viable scenarios found: 475
2025-09-30 14:33:20,070 - INFO - Non-viable scenarios: 118
2025-09-30 14:33:20,070 - INFO - Non-viable rate: 19.9%
2025-09-30 14:33:20,088 - INFO - Original dataset rows: 1,460,053
2025-09-30 14:33:20,088 - INFO - Flagged viable rows: 1,096,365
2025-09-30 14:33:20,089 - INFO - Flagged non-viable rows: 363,688
2025-09-30 14:33:20,089 - INFO - Viable data percentage: 75.1%
2025-09-30 14:33:20,089 - INFO - 
=== NON-VIABLE SCENARIO ANALYSIS ===
2025-09-30 14:33:20,089 - INFO - Technologies causing scenario non-viability (Top 10):
2025-09-30 14:33:20,089 - INFO -   GasCap - w/ CCS: 44 scenarios (37.3%)
2025-09-30 14:33:20,089 - INFO -   OilCap - w/ CCS: 36 scenarios (30.5%)
2025-09-30 14:33:20,089 - INFO -   OilCap: 16 scenarios (13.6%)
2025-09-30 14:33:20,089 - INFO -   OilCap - w/o CCS: 13 scenarios (11.0%)
2025-09-30 14:33:20,089 - INFO -   GeothermalCap: 8 scenarios (6.8%)
2025-09-30 14:33:20,089 - INFO -   Hydrogen: 8 scenarios (6.8%)
2025-09-30 14:33:20,089 - INFO -   BiomassCap - w/ CCS: 7 scenarios (5.9%)
2025-09-30 14:33:20,089 - INFO -   BiomassCap: 5 scenarios (4.2%)
2025-09-30 14:33:20,089 - INFO -   BiomassCap - w/o CCS: 5 scenarios (4.2%)
2025-09-30 14:33:20,089 - INFO -   GasCap: 3 scenarios (2.5%)
2025-09-30 14:33:20,089 - INFO - 
=== VIABLE SCENARIO ANALYSIS ===
2025-09-30 14:33:20,089 - INFO - Sample viable scenarios:
2025-09-30 14:33:20,090 - INFO -   EN_INDCi2030_1000f: 20/20 technologies
2025-09-30 14:33:20,090 - INFO -   EN_INDCi2030_1200: 20/20 technologies
2025-09-30 14:33:20,090 - INFO -   EN_INDCi2030_1200f: 20/20 technologies
2025-09-30 14:33:20,090 - INFO -   EN_INDCi2030_1400: 20/20 technologies
2025-09-30 14:33:20,090 - INFO -   EN_INDCi2030_1400f: 20/20 technologies
2025-09-30 14:33:20,091 - INFO - 
Technology coverage in viable scenarios:
2025-09-30 14:33:20,091 - INFO -   CoalCap: 457/475 scenarios (96.2%)
2025-09-30 14:33:20,091 - INFO -   GasCap - w/o CCS: 452/475 scenarios (95.2%)
2025-09-30 14:33:20,091 - INFO -   NuclearCap: 447/475 scenarios (94.1%)
2025-09-30 14:33:20,091 - INFO -   GasCap: 445/475 scenarios (93.7%)
2025-09-30 14:33:20,091 - INFO -   HydroCap: 445/475 scenarios (93.7%)
2025-09-30 14:33:20,091 - INFO -   CoalCap - w/o CCS: 444/475 scenarios (93.5%)
2025-09-30 14:33:20,091 - INFO -   BiomassCap: 435/475 scenarios (91.6%)
2025-09-30 14:33:20,091 - INFO -   BiomassCap - w/o CCS: 421/475 scenarios (88.6%)
2025-09-30 14:33:20,091 - INFO -   OilCap: 413/475 scenarios (86.9%)
2025-09-30 14:33:20,091 - INFO -   GasCap - w/ CCS: 371/475 scenarios (78.1%)
2025-09-30 14:33:20,091 - INFO -   CoalCap - w/ CCS: 338/475 scenarios (71.2%)
2025-09-30 14:33:20,091 - INFO -   OilCap - w/o CCS: 327/475 scenarios (68.8%)
2025-09-30 14:33:20,091 - INFO -   GeothermalCap: 303/475 scenarios (63.8%)
2025-09-30 14:33:20,091 - INFO -   BiomassCap - w/ CCS: 295/475 scenarios (62.1%)
2025-09-30 14:33:20,091 - INFO -   WindCap - Onshore: 283/475 scenarios (59.6%)
2025-09-30 14:33:20,091 - INFO -   SolarCap - PV: 264/475 scenarios (55.6%)
2025-09-30 14:33:20,091 - INFO -   WindCap - Offshore: 254/475 scenarios (53.5%)
2025-09-30 14:33:20,091 - INFO -   Hydrogen: 189/475 scenarios (39.8%)
2025-09-30 14:33:20,091 - INFO -   SolarCap - CSP: 165/475 scenarios (34.7%)
2025-09-30 14:33:20,091 - INFO -   OilCap - w/ CCS: 118/475 scenarios (24.8%)
2025-09-30 14:33:20,091 - INFO - 
Saving all scenarios with viability flag to: 6_final_AR6_viable_scenarios.csv
2025-09-30 14:33:29,631 - INFO - 
=== FINAL SUMMARY ===
2025-09-30 14:33:29,631 - INFO - Total scenarios: 593
2025-09-30 14:33:29,631 - INFO - Viable scenarios: 475
2025-09-30 14:33:29,631 - INFO - Non-viable scenarios: 118
2025-09-30 14:33:29,631 - INFO - Total rows in output: 1,460,053
2025-09-30 14:33:29,632 - INFO - Rows flagged as viable: 1,096,365
2025-09-30 14:33:29,632 - INFO - Power technologies evaluated: 20
2025-09-30 14:33:29,632 - INFO - Scenario flagging completed successfully!
